Traceback (most recent call last):
  File "/home/misha_ivt/projects/train_rae_per_json.py", line 365, in <module>
    main()
  File "/home/misha_ivt/projects/train_rae_per_json.py", line 359, in main
    train_model_for_json(args.json_file, args.output_base, args)
  File "/home/misha_ivt/projects/train_rae_per_json.py", line 248, in train_model_for_json
    reconstructed, _ = model(batch, teacher_forcing_ratio=tf_ratio)
                       ^^^^^^^^^^^^^^^^^^^^^^^^^^^^^^^^^^^^^^^^^^^^
  File "/home/misha_ivt/projects/venv/lib/python3.11/site-packages/torch/nn/modules/module.py", line 1751, in _wrapped_call_impl
    return self._call_impl(*args, **kwargs)
           ^^^^^^^^^^^^^^^^^^^^^^^^^^^^^^^^
  File "/home/misha_ivt/projects/venv/lib/python3.11/site-packages/torch/nn/modules/module.py", line 1762, in _call_impl
    return forward_call(*args, **kwargs)
           ^^^^^^^^^^^^^^^^^^^^^^^^^^^^^
  File "/home/misha_ivt/projects/train_rae_per_json.py", line 158, in forward
    out, (h_t, c_t) = self.decoder_lstm(decoder_input, (h_t, c_t))
                      ^^^^^^^^^^^^^^^^^^^^^^^^^^^^^^^^^^^^^^^^^^^^
  File "/home/misha_ivt/projects/venv/lib/python3.11/site-packages/torch/nn/modules/module.py", line 1751, in _wrapped_call_impl
    return self._call_impl(*args, **kwargs)
           ^^^^^^^^^^^^^^^^^^^^^^^^^^^^^^^^
  File "/home/misha_ivt/projects/venv/lib/python3.11/site-packages/torch/nn/modules/module.py", line 1762, in _call_impl
    return forward_call(*args, **kwargs)
           ^^^^^^^^^^^^^^^^^^^^^^^^^^^^^
  File "/home/misha_ivt/projects/venv/lib/python3.11/site-packages/torch/nn/modules/rnn.py", line 1124, in forward
    result = _VF.lstm(
             ^^^^^^^^
  File "/home/misha_ivt/projects/venv/lib/python3.11/site-packages/torch/_VF.py", line 27, in __getattr__
    def __getattr__(self, name: str) -> object:

KeyboardInterrupt
