Traceback (most recent call last):
  File "/home/misha_ivt/projects/train_rae_per_json.py", line 365, in <module>
    main()
  File "/home/misha_ivt/projects/train_rae_per_json.py", line 359, in main
    train_model_for_json(args.json_file, args.output_base, args)
  File "/home/misha_ivt/projects/train_rae_per_json.py", line 248, in train_model_for_json
    reconstructed, _ = model(batch, teacher_forcing_ratio=tf_ratio)
                       ^^^^^^^^^^^^^^^^^^^^^^^^^^^^^^^^^^^^^^^^^^^^
  File "/home/misha_ivt/projects/venv/lib/python3.11/site-packages/torch/nn/modules/module.py", line 1751, in _wrapped_call_impl
    return self._call_impl(*args, **kwargs)
           ^^^^^^^^^^^^^^^^^^^^^^^^^^^^^^^^
  File "/home/misha_ivt/projects/venv/lib/python3.11/site-packages/torch/nn/modules/module.py", line 1762, in _call_impl
    return forward_call(*args, **kwargs)
           ^^^^^^^^^^^^^^^^^^^^^^^^^^^^^
  File "/home/misha_ivt/projects/train_rae_per_json.py", line 159, in forward
    pred = self.decoder_output(out)
           ^^^^^^^^^^^^^^^^^^^^^^^^
  File "/home/misha_ivt/projects/venv/lib/python3.11/site-packages/torch/nn/modules/module.py", line 1751, in _wrapped_call_impl
    return self._call_impl(*args, **kwargs)
           ^^^^^^^^^^^^^^^^^^^^^^^^^^^^^^^^
  File "/home/misha_ivt/projects/venv/lib/python3.11/site-packages/torch/nn/modules/module.py", line 1762, in _call_impl
    return forward_call(*args, **kwargs)
           ^^^^^^^^^^^^^^^^^^^^^^^^^^^^^
  File "/home/misha_ivt/projects/venv/lib/python3.11/site-packages/torch/nn/modules/linear.py", line 125, in forward
    return F.linear(input, self.weight, self.bias)
           ^^^^^^^^^^^^^^^^^^^^^^^^^^^^^^^^^^^^^^^
KeyboardInterrupt
